// Jest Snapshot v1, https://goo.gl/fbAQLP

exports[`Component: EpisodeCard should render component 1`] = `
<View
  style={
    {
      "backgroundColor": "#926f44",
      "borderBottomLeftRadius": 10,
      "borderBottomRightRadius": 10,
      "borderColor": "black",
      "borderStyle": "solid",
      "borderTopLeftRadius": 10,
      "borderTopRightRadius": 10,
      "borderWidth": 1,
      "flexDirection": "row",
      "height": 140,
      "marginBottom": 16,
      "paddingBottom": 8,
      "paddingLeft": 8,
      "paddingRight": 8,
      "paddingTop": 8,
      "width": 718,
    }
  }
  testID="episode-1"
>
  <View
    style={
      [
        {
          "overflow": "hidden",
        },
        {
          "borderBottomLeftRadius": 10,
          "borderBottomRightRadius": 10,
          "borderColor": "black",
          "borderStyle": "solid",
          "borderTopLeftRadius": 10,
          "borderTopRightRadius": 10,
          "borderWidth": 1,
          "flexBasis": 0,
          "flexGrow": 1,
          "flexShrink": 1,
        },
      ]
    }
  >
    <FastImageView
      defaultSource={null}
      resizeMode="cover"
      style={
        {
          "bottom": 0,
          "left": 0,
          "position": "absolute",
          "right": 0,
          "top": 0,
        }
      }
    />
  </View>
  <View
    style={
      {
        "flexBasis": 0,
        "flexGrow": 1,
        "flexShrink": 1,
        "marginBottom": 0,
        "marginLeft": 6,
        "marginRight": 6,
        "marginTop": 0,
      }
    }
  >
    <View
      style={
        {
          "alignItems": "center",
          "flexBasis": 0,
          "flexDirection": "row",
          "flexGrow": 1,
          "flexShrink": 1,
          "justifyContent": "space-between",
          "marginBottom": 6,
          "marginLeft": 0,
          "marginRight": 0,
          "marginTop": 6,
        }
      }
    >
      <Text
        numberOfLines={1}
        style={
          {
            "color": "white",
            "flexBasis": 0,
            "flexGrow": 1,
            "flexShrink": 1,
            "fontSize": 12,
            "fontWeight": "bold",
            "marginLeft": 4,
          }
        }
      >
        Pilot
      </Text>
      <View
        accessibilityState={
          {
            "busy": undefined,
            "checked": undefined,
            "disabled": undefined,
            "expanded": undefined,
            "selected": undefined,
          }
        }
        accessibilityValue={
          {
            "max": undefined,
            "min": undefined,
            "now": undefined,
            "text": undefined,
          }
        }
        accessible={true}
        collapsable={false}
        focusable={true}
        onClick={[Function]}
        onResponderGrant={[Function]}
        onResponderMove={[Function]}
        onResponderRelease={[Function]}
        onResponderTerminate={[Function]}
        onResponderTerminationRequest={[Function]}
        onStartShouldSetResponder={[Function]}
        style={
          {
            "opacity": 1,
          }
        }
        testID="episode-1-favorite-icon-button"
      >
        <SvgMock
          color="#fff"
          height={20}
          testID="episode-1-favorite-icon-colorful"
          width={20}
        />
      </View>
    </View>
    <Text
      style={
        {
          "color": "white",
          "fontSize": 10,
          "marginBottom": 4,
          "marginLeft": 0,
          "marginRight": 0,
          "marginTop": 4,
        }
      }
    >
      S01E01
    </Text>
    <Text
      style={
        {
          "color": "white",
          "fontSize": 10,
          "marginBottom": 4,
          "marginLeft": 0,
          "marginRight": 0,
          "marginTop": 4,
        }
      }
    >
      2 de dezembro de 2013
    </Text>
    <Text
      highlight={true}
      style={
        {
          "color": "white",
          "fontSize": 10,
          "fontWeight": "bold",
          "marginBottom": 4,
          "marginLeft": 0,
          "marginRight": 0,
          "marginTop": 4,
        }
      }
    >
      Principais personages
    </Text>
    <View
      style={
        {
          "flexBasis": 0,
          "flexDirection": "row",
          "flexGrow": 1,
          "flexShrink": 1,
        }
      }
    >
      <View
        style={
          [
            {
              "overflow": "hidden",
            },
            {
              "alignSelf": "center",
              "borderBottomLeftRadius": 12,
              "borderBottomRightRadius": 12,
              "borderColor": "black",
              "borderStyle": "solid",
              "borderTopLeftRadius": 12,
              "borderTopRightRadius": 12,
              "borderWidth": 1,
              "height": 22,
              "marginRight": 4,
              "width": 22,
            },
          ]
        }
      >
        <FastImageView
          defaultSource={null}
          resizeMode="cover"
          style={
            {
              "bottom": 0,
              "left": 0,
              "position": "absolute",
              "right": 0,
              "top": 0,
            }
          }
        />
      </View>
      <View
        style={
          [
            {
              "overflow": "hidden",
            },
            {
              "alignSelf": "center",
              "borderBottomLeftRadius": 12,
              "borderBottomRightRadius": 12,
              "borderColor": "black",
              "borderStyle": "solid",
              "borderTopLeftRadius": 12,
              "borderTopRightRadius": 12,
              "borderWidth": 1,
              "height": 22,
              "marginRight": 4,
              "width": 22,
            },
          ]
        }
      >
        <FastImageView
          defaultSource={null}
          resizeMode="cover"
          style={
            {
              "bottom": 0,
              "left": 0,
              "position": "absolute",
              "right": 0,
              "top": 0,
            }
          }
        />
      </View>
      <View
        style={
          [
            {
              "overflow": "hidden",
            },
            {
              "alignSelf": "center",
              "borderBottomLeftRadius": 12,
              "borderBottomRightRadius": 12,
              "borderColor": "black",
              "borderStyle": "solid",
              "borderTopLeftRadius": 12,
              "borderTopRightRadius": 12,
              "borderWidth": 1,
              "height": 22,
              "marginRight": 4,
              "width": 22,
            },
          ]
        }
      >
        <FastImageView
          defaultSource={null}
          resizeMode="cover"
          style={
            {
              "bottom": 0,
              "left": 0,
              "position": "absolute",
              "right": 0,
              "top": 0,
            }
          }
        />
      </View>
      <View
        style={
          [
            {
              "overflow": "hidden",
            },
            {
              "alignSelf": "center",
              "borderBottomLeftRadius": 12,
              "borderBottomRightRadius": 12,
              "borderColor": "black",
              "borderStyle": "solid",
              "borderTopLeftRadius": 12,
              "borderTopRightRadius": 12,
              "borderWidth": 1,
              "height": 22,
              "marginRight": 4,
              "width": 22,
            },
          ]
        }
      >
        <FastImageView
          defaultSource={null}
          resizeMode="cover"
          style={
            {
              "bottom": 0,
              "left": 0,
              "position": "absolute",
              "right": 0,
              "top": 0,
            }
          }
        />
      </View>
      <View
        style={
          [
            {
              "overflow": "hidden",
            },
            {
              "alignSelf": "center",
              "borderBottomLeftRadius": 12,
              "borderBottomRightRadius": 12,
              "borderColor": "black",
              "borderStyle": "solid",
              "borderTopLeftRadius": 12,
              "borderTopRightRadius": 12,
              "borderWidth": 1,
              "height": 22,
              "marginRight": 4,
              "width": 22,
            },
          ]
        }
      >
        <FastImageView
          defaultSource={null}
          resizeMode="cover"
          style={
            {
              "bottom": 0,
              "left": 0,
              "position": "absolute",
              "right": 0,
              "top": 0,
            }
          }
        />
      </View>
      <View
        style={
          [
            {
              "overflow": "hidden",
            },
            {
              "alignSelf": "center",
              "borderBottomLeftRadius": 12,
              "borderBottomRightRadius": 12,
              "borderColor": "black",
              "borderStyle": "solid",
              "borderTopLeftRadius": 12,
              "borderTopRightRadius": 12,
              "borderWidth": 1,
              "height": 22,
              "marginRight": 4,
              "width": 22,
            },
          ]
        }
      >
        <FastImageView
          defaultSource={null}
          resizeMode="cover"
          style={
            {
              "bottom": 0,
              "left": 0,
              "position": "absolute",
              "right": 0,
              "top": 0,
            }
          }
        />
      </View>
      <SvgMock
        color="#fff"
        height={20}
        style={
          {
            "alignSelf": "center",
          }
        }
        width={20}
      />
    </View>
  </View>
</View>
`;
