// Jest Snapshot v1, https://goo.gl/fbAQLP

exports[`Component: CharacterCard should render component 1`] = `
<View
  accessibilityState={
    {
      "busy": undefined,
      "checked": undefined,
      "disabled": undefined,
      "expanded": undefined,
      "selected": undefined,
    }
  }
  accessibilityValue={
    {
      "max": undefined,
      "min": undefined,
      "now": undefined,
      "text": undefined,
    }
  }
  accessible={true}
  collapsable={false}
  focusable={false}
  onClick={[Function]}
  onResponderGrant={[Function]}
  onResponderMove={[Function]}
  onResponderRelease={[Function]}
  onResponderTerminate={[Function]}
  onResponderTerminationRequest={[Function]}
  onStartShouldSetResponder={[Function]}
  style={
    {
      "justifyContent": "center",
      "opacity": 1,
    }
  }
  testID="character-1"
>
  <View
    style={
      [
        {
          "overflow": "hidden",
        },
        {
          "alignSelf": "center",
          "borderBottomLeftRadius": 50,
          "borderBottomRightRadius": 50,
          "borderColor": "black",
          "borderStyle": "solid",
          "borderTopLeftRadius": 50,
          "borderTopRightRadius": 50,
          "borderWidth": 1,
          "bottom": -12,
          "height": 100,
          "width": 100,
          "zIndex": 2,
        },
      ]
    }
  >
    <FastImageView
      defaultSource={null}
      resizeMode="cover"
      style={
        {
          "bottom": 0,
          "left": 0,
          "position": "absolute",
          "right": 0,
          "top": 0,
        }
      }
    />
  </View>
  <View
    style={
      {
        "alignItems": "center",
        "backgroundColor": "#926f44",
        "borderBottomLeftRadius": 10,
        "borderBottomRightRadius": 10,
        "borderColor": "black",
        "borderStyle": "solid",
        "borderTopLeftRadius": 10,
        "borderTopRightRadius": 10,
        "borderWidth": 1,
        "justifyContent": "center",
        "maxWidth": 343,
        "minHeight": 58,
        "paddingBottom": 0,
        "paddingLeft": 12,
        "paddingRight": 12,
        "paddingTop": 4,
      }
    }
  >
    <Text
      style={
        {
          "color": "white",
          "fontSize": 16,
          "fontWeight": "bold",
          "textAlign": "center",
        }
      }
    >
      Rick Sanchez
    </Text>
  </View>
</View>
`;
